[2026-04-22 13:41:32] [*] Триггер: Обнаружены изменения (+32 нов, -0 уд, 0 изм).
[2026-04-22 13:41:32] [*] Инициализация процесса создания векторного индекса...
[2026-04-22 13:41:32] [+] Загружено документов: 32
[2026-04-22 13:41:32] [+] Документы разбиты на 6736 чанков.
[2026-04-22 13:41:32] [*] Загрузка модели эмбеддингов: sentence-transformers/all-MiniLM-L6-v2
[2026-04-22 13:41:40] [*] Генерация эмбеддингов и создание индекса FAISS (это может занять немного времени)...
[2026-04-22 13:42:14] [+] Индекс создан за 34.05 секунд.
[2026-04-22 13:42:14] [+] Индекс сохранен в директорию: faiss_index
[2026-04-22 13:42:14] [+] Реестр состояний успешно обновлен.
[2026-04-22 13:45:46] [+] Изменений не обнаружено. Индекс актуален. Пропуск сборки.
[2026-04-22 13:46:09] [*] Триггер: Обнаружены изменения (+32 нов, -0 уд, 0 изм).
[2026-04-22 13:46:09] [*] Инициализация процесса создания векторного индекса...
[2026-04-22 13:46:09] [+] Загружено документов: 32
[2026-04-22 13:46:09] [+] Документы разбиты на 6736 чанков.
[2026-04-22 13:46:09] [*] Загрузка модели эмбеддингов: sentence-transformers/all-MiniLM-L6-v2
[2026-04-22 13:46:17] [*] Генерация эмбеддингов и создание индекса FAISS (это может занять немного времени)...
[2026-04-22 13:46:51] [+] Индекс создан за 33.89 секунд.
[2026-04-22 13:46:51] [+] Индекс сохранен в директорию: faiss_index
[2026-04-22 13:46:51] [+] Реестр состояний успешно обновлен.
[2026-04-22 14:46:13] [*] Триггер: Обнаружены изменения (+0 нов, -0 уд, 1 изм).
[2026-04-22 14:46:13] [*] Инициализация процесса создания векторного индекса...
[2026-04-22 14:46:13] [+] Загружено документов: 32
[2026-04-22 14:46:13] [+] Документы разбиты на 6736 чанков.
[2026-04-22 14:46:13] [*] Загрузка модели эмбеддингов: sentence-transformers/all-MiniLM-L6-v2
[2026-04-22 14:46:28] [*] Генерация эмбеддингов и создание индекса FAISS (это может занять немного времени)...
[2026-04-22 14:47:02] [+] Индекс создан за 33.56 секунд.
[2026-04-22 14:47:02] [+] Индекс сохранен в директорию: faiss_index
[2026-04-22 14:47:02] [+] Реестр состояний успешно обновлен.
[2026-04-22 14:48:37] [*] Триггер: Обнаружены изменения (+0 нов, -1 уд, 0 изм).
[2026-04-22 14:48:37] [*] Инициализация процесса создания векторного индекса...
[2026-04-22 14:48:37] [+] Загружено документов: 31
[2026-04-22 14:48:37] [+] Документы разбиты на 6735 чанков.
[2026-04-22 14:48:37] [*] Загрузка модели эмбеддингов: sentence-transformers/all-MiniLM-L6-v2
[2026-04-22 14:48:45] [*] Генерация эмбеддингов и создание индекса FAISS (это может занять немного времени)...
[2026-04-22 14:49:19] [+] Индекс создан за 33.56 секунд.
[2026-04-22 14:49:19] [+] Индекс сохранен в директорию: faiss_index
[2026-04-22 14:49:19] [+] Реестр состояний успешно обновлен.
[2026-04-22 14:49:50] [*] Триггер: Обнаружены изменения (+1 нов, -0 уд, 0 изм).
[2026-04-22 14:49:50] [*] Инициализация процесса создания векторного индекса...
[2026-04-22 14:49:51] [+] Загружено документов: 32
[2026-04-22 14:49:51] [+] Документы разбиты на 6736 чанков.
[2026-04-22 14:49:51] [*] Загрузка модели эмбеддингов: sentence-transformers/all-MiniLM-L6-v2
[2026-04-22 14:49:59] [*] Генерация эмбеддингов и создание индекса FAISS (это может занять немного времени)...
[2026-04-22 14:50:33] [+] Индекс создан за 33.61 секунд.
[2026-04-22 14:50:33] [+] Индекс сохранен в директорию: faiss_index
[2026-04-22 14:50:33] [+] Реестр состояний успешно обновлен.
[2026-04-22 15:45:25] [*] Триггер: Изменения (+0, -0, mod:1).
[2026-04-22 15:45:25] [*] Инициализация процесса создания векторного индекса...
[2026-04-22 15:45:25] [+] Загружено документов: 32
[2026-04-22 15:45:25] [+] Документы разбиты на 6736 чанков.
[2026-04-22 15:45:25] [*] Загрузка модели эмбеддингов: sentence-transformers/all-MiniLM-L6-v2
[2026-04-22 15:45:33] [*] Генерация эмбеддингов и создание индекса FAISS...
[2026-04-22 15:46:07] [+] Индекс создан за 33.62 секунд.
[2026-04-22 15:46:07] [+] Индекс сохранен в директорию: E:\work\Yandex\Sprints\ya-07\faiss_index
[2026-04-22 15:46:07] [+] Реестр успешно обновлен.
